I'm sorry, but errors were detected in your script. Please correct the
errors listed below, and try again.


File "game/script.rpy", line 30: expected statement.
    bg sus
          ^

Ren'Py Version: Ren'Py 8.0.3.22090809
Tue Nov  1 10:04:03 2022
